
2 matching options:
MyOption1 = opt1
MyOption2 = opt2
