
1 matching targets:
- <WriteFile> ${OUTPUT_DIR}/target1${DOT}txt priority: 0.0, tags: [mytag1 all]
   output:  build-output/target1.txt
   defined:  "XXXXXXXC:\dev\xpybuild\tests\correctness\framework\Search\test.xpybuild.py" +18

