
2 matching targets:
- <WriteFile> ${OUTPUT_DIR}/target1${DOT}txt priority: 0.0, tags: [mytag1 all]
   output:  build-output\target1.txt
   defined:  "C:\dev\xpybuild\tests\correctness\framework\Search\test.xpybuild.py" +18
- <WriteFile> ${OUTPUT_DIR}/target2.txt priority: 0.0, tags: [mytag2 all]
   output:  build-output\target2.txt
   defined:  "XXXXC:\dev\xpybuild\tests\correctness\framework\Search\test.xpybuild.py" +19

